"smiles"	"InChI"	"InChIKey"	"structure"	"Weight"	"logP(o/w)"	"b_rotN"	"vol"	"lip_violation"	"ASA_P"	"formula"
"O(C(CC(O)=O)C[N+](C)(C)C)C(=O)C"	"InChI=1S/C9H17NO4/c1-7(11)14-8(5-9(12)13)6-10(2,3)4/h8H,5-6H2,1-4H3/p+1"	"RDHQFKQIGNGIED-UHFFFAOYSA-O"	"O(C(CC(O)=O)C[N+](C)(C)C)C(=O)C"	"204.246"	"-0.54500002"	"6"	"180.125"	"0"	"187.62498"	"C9H18NO4"
